[rt-e2e] reconcile run="x" holding=false -> AsTyped
[rt-e2e] reconcile run="d" holding=false -> AsTyped
[rt-e2e] reconcile run="di" holding=false -> AsTyped
[rt-e2e] reconcile run="dif" holding=false -> AsTyped
[rt-e2e] reconcile run="diff" holding=false -> AsTyped
[rt-e2e] reconcile run="diffe" holding=false -> AsTyped
[rt-e2e] reconcile run="differ" holding=false -> AsTyped
[rt-e2e] reconcile run="differe" holding=false -> AsTyped
[rt-e2e] reconcile run="differen" holding=false -> AsTyped
[rt-e2e] reconcile run="different" holding=false -> AsTyped
[rt-e2e] reconcile run="w" holding=false -> AsTyped
[rt-e2e] reconcile run="wr" holding=false -> AsTyped
[rt-e2e] reconcile run="wri" holding=false -> AsTyped
[rt-e2e] reconcile run="a" holding=false -> AsTyped
[rt-e2e] reconcile run="ad" holding=false -> AsTyped
[rt-e2e] reconcile run="ada" holding=false -> AsTyped
[rt-e2e] reconcile run="adav" holding=false -> Thai("ฟกฟอ")
[rt-e2e] reconcile run="adavn" holding=true -> AsTyped
[rt-e2e] reconcile run="adavnc" holding=false -> AsTyped
[rt-e2e] reconcile run="adavnce" holding=false -> AsTyped
[rt-e2e] reconcile run="l" holding=false -> AsTyped
[rt-e2e] reconcile run="l;" holding=false -> AsTyped
[rt-e2e] reconcile run="l;y" holding=false -> AsTyped
[rt-e2e] reconcile run="l;yl" holding=false -> AsTyped
[rt-e2e] reconcile run="l;ylf" holding=false -> AsTyped
[rt-e2e] reconcile run="l;ylfu" holding=false -> Thai("สว\u{e31}สด\u{e35}")
[rt-e2e] reconcile run="l" holding=false -> AsTyped
[rt-e2e] reconcile run="l;" holding=false -> AsTyped
[rt-e2e] reconcile run="l;y" holding=false -> AsTyped
[rt-e2e] reconcile run="l;yl" holding=false -> AsTyped
[rt-e2e] reconcile run="l;ylf" holding=false -> AsTyped
[rt-e2e] reconcile run="l;ylfu" holding=false -> Thai("สว\u{e31}สด\u{e35}")
[rt-e2e] reconcile run="g" holding=false -> AsTyped
[rt-e2e] reconcile run="gf" holding=false -> AsTyped
[rt-e2e] reconcile run="gfu" holding=false -> AsTyped
[rt-e2e] reconcile run="gfuJ" holding=false -> AsTyped
[rt-e2e] reconcile run="gfuJp" holding=false -> AsTyped
[rt-e2e] reconcile run="gfuJp;" holding=false -> Thai("เด\u{e35}\u{e4b}ยว")
[rt-e2e] reconcile run="m" holding=false -> AsTyped
[rt-e2e] reconcile run="mu" holding=false -> AsTyped
[rt-e2e] reconcile run="muj" holding=false -> AsTyped
[rt-e2e] reconcile run="m" holding=false -> AsTyped
[rt-e2e] reconcile run="mu" holding=false -> AsTyped
[rt-e2e] reconcile run="muj" holding=false -> AsTyped
[rt-e2e] reconcile run="mujo" holding=false -> AsTyped
[rt-e2e] reconcile run="mujou" holding=false -> AsTyped
[rt-e2e] reconcile run="mujouj" holding=false -> Thai("ท\u{e35}\u{e48}น\u{e35}\u{e48}")
